[22:42:57] [Server thread/INFO]: Starting minecraft server version 1.12.2
[22:42:57] [Server thread/INFO]: Loading properties
[22:42:57] [Server thread/INFO]: Default game type: SURVIVAL
[22:42:58] [Server thread/INFO]: This server is running Paper version git-Paper-1620 (MC: 1.12.2) (Implementing API version 1.12.2-R0.1-SNAPSHOT)
[22:42:58] [Server thread/INFO]: Debug logging is disabled
[22:42:58] [Server thread/INFO]: Server Ping Player Sample Count: 12
[22:42:58] [Server thread/INFO]: Using 4 threads for Netty based IO
[22:42:58] [Server thread/INFO]: Generating keypair
[22:42:58] [Server thread/INFO]: Starting Minecraft server on localhost:25565
[22:42:58] [Server thread/INFO]: Using default channel type
[22:42:58] [Server thread/INFO]: Server permissions file permissions.yml is empty, ignoring it
[22:42:58] [Server thread/WARN]: **** SERVER IS RUNNING IN OFFLINE/INSECURE MODE!
[22:42:58] [Server thread/WARN]: The server will make no attempt to authenticate usernames. Beware.
[22:42:58] [Server thread/WARN]: While this makes the game possible to play without internet access, it also opens up the ability for hackers to connect with any username they choose.
[22:42:58] [Server thread/WARN]: To change this, set "online-mode" to "true" in the server.properties file.
[22:42:58] [Server thread/INFO]: **** Beginning UUID conversion, this may take A LONG time ****
[22:42:58] [Server thread/INFO]: Preparing level "world"
[22:42:58] [Server thread/INFO]: -------- World Settings For [world] --------
[22:42:58] [Server thread/INFO]: Mob Spawn Range: 4
[22:42:58] [Server thread/INFO]: Cactus Growth Modifier: 100%
[22:42:58] [Server thread/INFO]: Cane Growth Modifier: 100%
[22:42:58] [Server thread/INFO]: Melon Growth Modifier: 100%
[22:42:58] [Server thread/INFO]: Mushroom Growth Modifier: 100%
[22:42:58] [Server thread/INFO]: Pumpkin Growth Modifier: 100%
[22:42:58] [Server thread/INFO]: Sapling Growth Modifier: 100%
[22:42:58] [Server thread/INFO]: Wheat Growth Modifier: 100%
[22:42:58] [Server thread/INFO]: NetherWart Growth Modifier: 100%
[22:42:58] [Server thread/INFO]: Vine Growth Modifier: 100%
[22:42:58] [Server thread/INFO]: Cocoa Growth Modifier: 100%
[22:42:58] [Server thread/INFO]: Entity Activation Range: An 32 / Mo 32 / Mi 16 / Tiv true
[22:42:58] [Server thread/INFO]: Entity Tracking Range: Pl 48 / An 48 / Mo 48 / Mi 32 / Other 64
[22:42:58] [Server thread/INFO]: Hopper Transfer: 8 Hopper Check: 1 Hopper Amount: 1
[22:42:58] [Server thread/INFO]: Random Lighting Updates: false
[22:42:58] [Server thread/INFO]: Structure Info Saving: true
[22:42:58] [Server thread/INFO]: Custom Map Seeds:  Village: 10387312 Feature: 14357617 Monument: 10387313 Slime: 987234911
[22:42:58] [Server thread/INFO]: Max TNT Explosions: 100
[22:42:58] [Server thread/INFO]: Tile Max Tick Time: 50ms Entity max Tick Time: 50ms
[22:42:58] [Server thread/INFO]: Item Despawn Rate: 6000
[22:42:58] [Server thread/INFO]: Item Merge Radius: 2.5
[22:42:58] [Server thread/INFO]: View Distance: 4
[22:42:58] [Server thread/INFO]: Arrow Despawn Rate: 1200
[22:42:58] [Server thread/INFO]: Allow Zombie Pigmen to spawn from portal blocks: true
[22:42:58] [Server thread/INFO]: Experience Merge Radius: 3.0
[22:42:58] [Server thread/INFO]: Zombie Aggressive Towards Villager: true
[22:42:58] [Server thread/INFO]: Nerfing mobs spawned from spawners: false
[22:43:01] [Server thread/INFO]: -------- World Settings For [world_nether] --------
[22:43:01] [Server thread/INFO]: Mob Spawn Range: 4
[22:43:01] [Server thread/INFO]: Cactus Growth Modifier: 100%
[22:43:01] [Server thread/INFO]: Cane Growth Modifier: 100%
[22:43:01] [Server thread/INFO]: Melon Growth Modifier: 100%
[22:43:01] [Server thread/INFO]: Mushroom Growth Modifier: 100%
[22:43:01] [Server thread/INFO]: Pumpkin Growth Modifier: 100%
[22:43:01] [Server thread/INFO]: Sapling Growth Modifier: 100%
[22:43:01] [Server thread/INFO]: Wheat Growth Modifier: 100%
[22:43:01] [Server thread/INFO]: NetherWart Growth Modifier: 100%
[22:43:01] [Server thread/INFO]: Vine Growth Modifier: 100%
[22:43:01] [Server thread/INFO]: Cocoa Growth Modifier: 100%
[22:43:01] [Server thread/INFO]: Entity Activation Range: An 32 / Mo 32 / Mi 16 / Tiv true
[22:43:01] [Server thread/INFO]: Entity Tracking Range: Pl 48 / An 48 / Mo 48 / Mi 32 / Other 64
[22:43:01] [Server thread/INFO]: Hopper Transfer: 8 Hopper Check: 1 Hopper Amount: 1
[22:43:01] [Server thread/INFO]: Random Lighting Updates: false
[22:43:01] [Server thread/INFO]: Structure Info Saving: true
[22:43:01] [Server thread/INFO]: Custom Map Seeds:  Village: 10387312 Feature: 14357617 Monument: 10387313 Slime: 987234911
[22:43:01] [Server thread/INFO]: Max TNT Explosions: 100
[22:43:01] [Server thread/INFO]: Tile Max Tick Time: 50ms Entity max Tick Time: 50ms
[22:43:01] [Server thread/INFO]: Item Despawn Rate: 6000
[22:43:01] [Server thread/INFO]: Item Merge Radius: 2.5
[22:43:01] [Server thread/INFO]: View Distance: 4
[22:43:01] [Server thread/INFO]: Arrow Despawn Rate: 1200
[22:43:01] [Server thread/INFO]: Allow Zombie Pigmen to spawn from portal blocks: true
[22:43:01] [Server thread/INFO]: Experience Merge Radius: 3.0
[22:43:01] [Server thread/INFO]: Zombie Aggressive Towards Villager: true
[22:43:01] [Server thread/INFO]: Nerfing mobs spawned from spawners: false
[22:43:01] [Server thread/INFO]: -------- World Settings For [world_the_end] --------
[22:43:01] [Server thread/INFO]: Mob Spawn Range: 4
[22:43:01] [Server thread/INFO]: Cactus Growth Modifier: 100%
[22:43:01] [Server thread/INFO]: Cane Growth Modifier: 100%
[22:43:01] [Server thread/INFO]: Melon Growth Modifier: 100%
[22:43:01] [Server thread/INFO]: Mushroom Growth Modifier: 100%
[22:43:01] [Server thread/INFO]: Pumpkin Growth Modifier: 100%
[22:43:01] [Server thread/INFO]: Sapling Growth Modifier: 100%
[22:43:01] [Server thread/INFO]: Wheat Growth Modifier: 100%
[22:43:01] [Server thread/INFO]: NetherWart Growth Modifier: 100%
[22:43:01] [Server thread/INFO]: Vine Growth Modifier: 100%
[22:43:01] [Server thread/INFO]: Cocoa Growth Modifier: 100%
[22:43:01] [Server thread/INFO]: Entity Activation Range: An 32 / Mo 32 / Mi 16 / Tiv true
[22:43:01] [Server thread/INFO]: Entity Tracking Range: Pl 48 / An 48 / Mo 48 / Mi 32 / Other 64
[22:43:01] [Server thread/INFO]: Hopper Transfer: 8 Hopper Check: 1 Hopper Amount: 1
[22:43:01] [Server thread/INFO]: Random Lighting Updates: false
[22:43:01] [Server thread/INFO]: Structure Info Saving: true
[22:43:01] [Server thread/INFO]: Custom Map Seeds:  Village: 10387312 Feature: 14357617 Monument: 10387313 Slime: 987234911
[22:43:01] [Server thread/INFO]: Max TNT Explosions: 100
[22:43:01] [Server thread/INFO]: Tile Max Tick Time: 50ms Entity max Tick Time: 50ms
[22:43:01] [Server thread/INFO]: Item Despawn Rate: 6000
[22:43:01] [Server thread/INFO]: Item Merge Radius: 2.5
[22:43:01] [Server thread/INFO]: View Distance: 4
[22:43:01] [Server thread/INFO]: Arrow Despawn Rate: 1200
[22:43:01] [Server thread/INFO]: Allow Zombie Pigmen to spawn from portal blocks: true
[22:43:01] [Server thread/INFO]: Experience Merge Radius: 3.0
[22:43:01] [Server thread/INFO]: Zombie Aggressive Towards Villager: true
[22:43:01] [Server thread/INFO]: Nerfing mobs spawned from spawners: false
[22:43:01] [Server thread/INFO]: Preparing start region for level 0 (Seed: -167001925394188245)
[22:43:03] [Server thread/INFO]: Preparing spawn area: 2%
[22:43:04] [Server thread/INFO]: Preparing spawn area: 4%
[22:43:05] [Server thread/INFO]: Preparing spawn area: 7%
[22:43:06] [Server thread/INFO]: Preparing spawn area: 10%
[22:43:06] [Server thread/INFO]: Preparing start region for level 1 (Seed: -167001925394188245)
[22:43:07] [Server thread/INFO]: Preparing spawn area: 4%
[22:43:08] [Server thread/INFO]: Preparing spawn area: 12%
[22:43:08] [Server thread/INFO]: Preparing start region for level 2 (Seed: -167001925394188245)
[22:43:09] [Server thread/INFO]: Preparing spawn area: 12%
[22:43:09] [Server thread/INFO]: Done (11.104s)! For help, type "help" or "?"
[22:43:09] [Server thread/INFO]: Timings Reset
[22:43:11] [Server thread/INFO]: Opped Leomar
[22:48:26] [User Authenticator #1/INFO]: UUID of player Leomar is fe07dbfa-9250-315a-a6b4-fd876bd4ced3
[22:48:26] [Server thread/INFO]: Leomar[/127.0.0.1:37742] logged in with entity id 123 at ([world]-42.5, 68.0, 156.5)
