[22:42:39] [main/INFO] [com.velocitypowered.proxy.VelocityServer]: Booting up Velocity 3.4.0-SNAPSHOT (git-965db127-b454)...
[22:42:39] [main/INFO] [com.velocitypowered.proxy.VelocityServer]: Loading localizations...
[22:42:40] [main/INFO] [com.velocitypowered.proxy.network.ConnectionManager]: Connections will use epoll channels, libdeflate (Linux x86_64) compression, OpenSSL 1.1.x (Linux x86_64) ciphers
[22:42:40] [main/WARN] [com.velocitypowered.proxy.config.VelocityConfiguration]: The proxy is running in offline mode! This is a security risk and you will NOT receive any support!
[22:42:40] [main/WARN] [com.velocitypowered.proxy.config.VelocityConfiguration]: Player info forwarding is disabled! All players will appear to be connecting from the proxy and will have offline-mode UUIDs.
[22:42:40] [main/INFO] [com.velocitypowered.proxy.VelocityServer]: Loading plugins...
[22:42:41] [main/ERROR] [com.velocitypowered.proxy.console.VelocityConsole]: :>:>:>:>:>:>:>:>:>:>:>:>:>:>:>:>:>:>:>:>:>:>:>
[22:42:41] [main/ERROR] [com.velocitypowered.proxy.console.VelocityConsole]: :>  
[22:42:41] [main/ERROR] [com.velocitypowered.proxy.console.VelocityConsole]: :>      EAGLERCRAFTXVELOCITY WARNING:
[22:42:41] [main/ERROR] [com.velocitypowered.proxy.console.VelocityConsole]: :>  
[22:42:41] [main/ERROR] [com.velocitypowered.proxy.console.VelocityConsole]: :>  This plugin wasn't tested to be 'working'
[22:42:41] [main/ERROR] [com.velocitypowered.proxy.console.VelocityConsole]: :>  with ANY version of Velocity (and forks)
[22:42:41] [main/ERROR] [com.velocitypowered.proxy.console.VelocityConsole]: :>  apart from the versions listed below:
[22:42:41] [main/ERROR] [com.velocitypowered.proxy.console.VelocityConsole]: :>  
[22:42:41] [main/ERROR] [com.velocitypowered.proxy.console.VelocityConsole]: :>  - Velocity: 3.4.0-SNAPSHOT:a33f2d1a:b452
[22:42:41] [main/ERROR] [com.velocitypowered.proxy.console.VelocityConsole]: :>  
[22:42:41] [main/ERROR] [com.velocitypowered.proxy.console.VelocityConsole]: :>  This is not a Bukkit/Spigot plugin!
[22:42:41] [main/ERROR] [com.velocitypowered.proxy.console.VelocityConsole]: :>  
[22:42:41] [main/ERROR] [com.velocitypowered.proxy.console.VelocityConsole]: :>  Use "-Deaglerxvelocity.stfu=true" to hide
[22:42:41] [main/ERROR] [com.velocitypowered.proxy.console.VelocityConsole]: :>  
[22:42:41] [main/ERROR] [com.velocitypowered.proxy.console.VelocityConsole]: :>:>:>:>:>:>:>:>:>:>:>:>:>:>:>:>:>:>:>:>:>:>:>
[22:42:41] [main/INFO] [com.velocitypowered.proxy.plugin.VelocityPluginManager]: Loaded plugin eaglerxvelocity 1.1.5 by lax1dude, ayunami2000
[22:42:41] [main/INFO] [com.velocitypowered.proxy.VelocityServer]: Loaded 2 plugins
[22:42:41] [EaglercraftXVelocity - Task Executor #0/WARN] [eaglerxvelocity]: This plugin is still in development, certain features may not be functional!
[22:42:41] [EaglercraftXVelocity - Task Executor #0/WARN] [eaglerxvelocity]: Not recommended for public servers yet, please check for updates
[22:42:42] [EaglercraftXVelocity - Task Executor #0/INFO] [eaglerxvelocity]: Loading vanilla profile: lax1dude
[22:42:44] [Netty epoll Worker #1/INFO] [eaglerxvelocity]: Loaded vanilla profile: lax1dude
[22:42:44] [EaglercraftXVelocity - Task Executor #0/ERROR] [eaglerxvelocity]: Online mode is set to false! Authentication system has been disabled
[22:42:45] [Netty epoll Boss #0/INFO] [eaglerxvelocity]: Eaglercraft is listening on: /0.0.0.0:8081
[22:42:45] [EaglercraftXVelocity - Task Executor #0/INFO] [eaglerxvelocity]: Connected to database: jdbc:sqlite:eaglercraft_skins_cache.db
[22:42:45] [EaglercraftXVelocity - Task Executor #0/INFO] [eaglerxvelocity]: Voice chat disabled, add "allow_voice: true" to your listeners to enable
[22:42:45] [Netty epoll Boss #1/INFO] [com.velocitypowered.proxy.network.ConnectionManager]: Listening on /[0:0:0:0:0:0:0:0]:25577
[22:42:46] [main/INFO] [com.velocitypowered.proxy.Velocity]: Done (7.95s)!
[22:48:24] [Netty epoll Worker #0/WARN] [eaglerxvelocity]: Server icon is not a file: /workspaces/EaglerServer-1.12/bungee/server-icon.png
[22:48:26] [Netty epoll Worker #1/INFO] [eaglerxvelocity]: [/[0:0:0:0:0:0:0:1]:57292]: Connected via websocket
[22:48:26] [Netty epoll Worker #1/INFO] [eaglerxvelocity]: [/[0:0:0:0:0:0:0:1]:57292]: Origin header is http://localhost:8081
[22:48:26] [Netty epoll Worker #1/INFO] [eaglerxvelocity]: [connected player] Leomar (/[0:0:0:0:0:0:0:1]:57292) has connected
[22:48:26] [Netty epoll Worker #1/INFO] [com.velocitypowered.proxy.connection.MinecraftConnection]: [server connection] Leomar -> lobby has connected
